13:42:42 **** Incremental Build of configuration Debug for project test_UART ****
make -j12 all 
arm-none-eabi-gcc "../Core/Src/main.c" -mcpu=cortex-m3 -std=gnu11 -g3 -DDEBUG -DUSE_HAL_DRIVER -DSTM32F103x6 -c -I../Core/Inc -I../Drivers/STM32F1xx_HAL_Driver/Inc -I../Drivers/STM32F1xx_HAL_Driver/Inc/Legacy -I../Drivers/CMSIS/Device/ST/STM32F1xx/Include -I../Drivers/CMSIS/Include -O0 -ffunction-sections -fdata-sections -Wall -fstack-usage -MMD -MP -MF"Core/Src/main.d" -MT"Core/Src/main.o" --specs=nano.specs -mfloat-abi=soft -mthumb -o "Core/Src/main.o"
arm-none-eabi-gcc -o "test_UART.elf" @"objects.list"   -mcpu=cortex-m3 -T"D:\Workspace\VXL\Test\UART_for_Assignment\New folder\test_UART\STM32F103C6UX_FLASH.ld" --specs=nosys.specs -Wl,-Map="test_UART.map" -Wl,--gc-sections -static --specs=nano.specs -mfloat-abi=soft -mthumb -Wl,--start-group -lc -lm -Wl,--end-group
Finished building target: test_UART.elf
 
arm-none-eabi-size   test_UART.elf 
arm-none-eabi-objdump -h -S  test_UART.elf  > "test_UART.list"
arm-none-eabi-objcopy  -O ihex  test_UART.elf  "test_UART.hex"
arm-none-eabi-objcopy  -O binary  test_UART.elf  "test_UART.bin"
   text	   data	    bss	    dec	    hex	filename
  13800	    288	   1832	  15920	   3e30	test_UART.elf
Finished building: default.size.stdout
 
Finished building: test_UART.bin
Finished building: test_UART.hex
 
 
Finished building: test_UART.list
 

13:42:44 Build Finished. 0 errors, 0 warnings. (took 2s.282ms)

